// Jest Snapshot v1, https://goo.gl/fbAQLP

exports[`matches snapshot 1`] = `
<DocumentFragment>
  <div>
    <div>
      <form>
        <input
          name="searchTerm"
          placeholder="Enter search term.."
          value=""
        />
        <button
          type="submit"
        >
          Submit
        </button>
      </form>
    </div>
    <p
      class="lead"
    >
      Sorry, no results were found!
    </p>
  </div>
</DocumentFragment>
`;
