// Jest Snapshot v1, https://goo.gl/fbAQLP

exports[`matches snapshot 1`] = `
<DocumentFragment>
  <div
    class="pt-5"
  >
    <div>
      <h1>
        Jobly
      </h1>
      <p>
        All the jobs in one, convenient place.
      </p>
      <h2>
        Welcome Back, testuser!
      </h2>
    </div>
  </div>
</DocumentFragment>
`;
