// Jest Snapshot v1, https://goo.gl/fbAQLP

exports[`matches snapshot 1`] = `
<DocumentFragment>
  <form
    data-testid="todo-form"
  >
    <input
      placeholder="Enter a new task"
      type="text"
      value=""
    />
    <button>
      Add Todo
    </button>
  </form>
</DocumentFragment>
`;
